// Jest Snapshot v1, https://goo.gl/fbAQLP

exports[`-----CONTROL TEST Control snapshot 1`] = `
"/*
FIXME Is this useful? or limits to buttons with colors on Variables?
*/
"
`;
