// Jest Snapshot v1, https://goo.gl/fbAQLP

exports[`-----LINK TEST Links snapshot 1`] = `
"/**
 * Calculate the luminance for a color.
 * See https://www.w3.org/TR/WCAG20-TECHS/G17.html#G17-tests
 */
/**
   * Calculate the contrast ratio between two colors.
   * See https://www.w3.org/TR/WCAG20-TECHS/G17.html#G17-tests
   */
/**
   * Determine whether to use dark or light text on top of given color.
   * Returns black for dark text and white for light text.
   */
"
`;
