// Jest Snapshot v1, https://goo.gl/fbAQLP

exports[`-----SECONDARY VARIABLES TEST Secondary Variables snapshot 1`] = `""`;
