// Jest Snapshot v1, https://goo.gl/fbAQLP

exports[`-----VARIABLES TEST Variables snapshot 1`] = `""`;
